// Jest Snapshot v1, https://goo.gl/fbAQLP

exports[`DisplaySingleProduct Product headers display 1`] = `
Array [
  <h3>
    Roof Rack
  </h3>,
  <h4>
    $
    115.00
  </h4>,
]
`;
